0 verbose cli /usr/local/bin/node /usr/local/lib/node_modules/npm/bin/npm-cli.js
1 info using npm@10.8.2
2 info using node@v20.20.2
3 silly config load:file:/usr/local/lib/node_modules/npm/npmrc
4 silly config load:file:/workspace/fat-loss-app/.npmrc
5 silly config load:file:/workspace/fat-loss-app/.vercel-home/.npmrc
6 silly config load:file:/usr/local/etc/npmrc
7 verbose title npm exec vercel --yes
8 verbose argv "exec" "--" "vercel" "--yes"
9 verbose logfile logs-max:10 dir:/workspace/fat-loss-app/.vercel-home/.npm/_logs/2026-05-26T04_01_20_484Z-
10 verbose logfile /workspace/fat-loss-app/.vercel-home/.npm/_logs/2026-05-26T04_01_20_484Z-debug-0.log
11 silly logfile done cleaning log files
12 http fetch GET 200 https://registry.npmjs.org/npm 188ms
13 verbose cwd /workspace/fat-loss-app
14 verbose os Linux 5.10.104-linuxkit
15 verbose node v20.20.2
16 verbose npm  v10.8.2
17 notice
17 notice New major version of npm available! 10.8.2 -> 11.15.0
17 notice Changelog: https://github.com/npm/cli/releases/tag/v11.15.0
17 notice To update run: npm install -g npm@11.15.0
17 notice  { force: true, [Symbol(proc-log.meta)]: true }
18 verbose exit 1
19 verbose code 1
