0 verbose cli /usr/local/bin/node /usr/local/lib/node_modules/npm/bin/npm-cli.js
1 info using npm@10.8.2
2 info using node@v20.20.2
3 silly config load:file:/usr/local/lib/node_modules/npm/npmrc
4 silly config load:file:/workspace/fat-loss-app/.npmrc
5 silly config load:file:/usr/local/etc/npmrc
6 verbose title npm exec vercel --yes
7 verbose argv "exec" "--" "vercel" "--yes"
8 verbose logfile logs-max:10 dir:/workspace/fat-loss-app/.npm/_logs/2026-05-26T04_00_52_546Z-
9 verbose logfile /workspace/fat-loss-app/.npm/_logs/2026-05-26T04_00_52_546Z-debug-0.log
10 silly logfile done cleaning log files
11 http fetch GET 200 https://registry.npmjs.org/npm 199ms
12 verbose cwd /workspace/fat-loss-app
13 verbose os Linux 5.10.104-linuxkit
14 verbose node v20.20.2
15 verbose npm  v10.8.2
16 notice
16 notice New major version of npm available! 10.8.2 -> 11.15.0
16 notice Changelog: https://github.com/npm/cli/releases/tag/v11.15.0
16 notice To update run: npm install -g npm@11.15.0
16 notice  { force: true, [Symbol(proc-log.meta)]: true }
17 verbose exit 0
18 info ok
